// Jest Snapshot v1, https://goo.gl/fbAQLP

exports[`will check the matchers and pass 1`] = `
Object {
  "age": 23,
  "createdAt": Any<Date>,
  "id": Any<Number>,
  "name": "LeBron James",
}
`;
