// Jest Snapshot v1, https://goo.gl/fbAQLP

exports[`LinkT 1`] = `
Array [
  <h2>
    HOla
  </h2>,
  <a
    href="google.com"
  >
    4
  </a>,
]
`;
