// Jest Snapshot v1, https://goo.gl/fbAQLP

exports[`LinkT renders correctly 1`] = `
Array [
  <h2>
    HOla
  </h2>,
  <a>
    7
  </a>,
]
`;
